[1m[34m=== STARTING AI LOGIC TESTS ===[0m


[33m1. Testing Natural Language Expense Detection[0m
[32mPASS[0m: "I spent $50 on groceries" -> true
[32mPASS[0m: "I refueled the car with $40" -> true
[32mPASS[0m: "Paid $100 for electricity" -> true
[32mPASS[0m: "The bill was $50" -> true
[32mPASS[0m: "Hello, how are you?" -> false
[32mPASS[0m: "What are my expenses?" -> false
[32mPASS[0m: "Show me my books" -> false
[32mPASS[0m: "Add a category" -> false

[33m2. Testing Expense Extraction[0m
[32mPASS[0m: Extraction for "I spent $50 on groceries"
[32mPASS[0m: Extraction for "I refueled the car with $40"
[32mPASS[0m: Extraction for "Paid $100 for electricity"

[33m3. Testing SQL Safety Validation[0m
[32mPASS[0m: Valid INSERT (INSERT INTO expenses (amount, categoryId) VALUES (50, 'cat-123'))
[32mPASS[0m: Dangerous DROP (INSERT INTO expenses (amount) VALUES (50); DROP TABLE expenses)
[32mPASS[0m: Dangerous SELECT (in direct exec) (SELECT * FROM users)
[32mPASS[0m: Missing required fields (INSERT INTO expenses (date) VALUES ('2023-01-01'))

[33m4. Testing Update Validation & User Filtering[0m
[32mPASS[0m: Valid Update
[32mPASS[0m: Dangerous Update (SQL Injection attempt)

[33m5. Testing Edge Cases & Failure Scenarios[0m
[32mPASS[0m: NL Detection: Ambiguous amount without currency/context (I paid 50) -> false
[31mFAIL[0m: NL Detection: Ambiguous 'book' (could be entity or expense) (Buy a book for $20) -> false
[32mPASS[0m: Extraction: Ambiguous 'book' (could be entity or expense)
[32mPASS[0m: Safety: SQL Injection in update
[32mPASS[0m: Multi-extraction: Multiple expenses in one sentence

[34m=== TEST SUMMARY ===[0m
Total: 22
[32mPassed: 21[0m
[31mFailed: 1[0m

[31m=== FAILURES ===[0m
- NL Detection: Ambiguous 'book' (could be entity or expense) (Buy a book for $20) -> false
